YT-DLP Error: 
Stack: Error: 
    at parse (C:\Users\bahmo\Desktop\Saas community manager\viralmind\.next\server\chunks\node_modules_de980165._.js:14764:25)
    at process.processTicksAndRejections (node:internal/process/task_queues:105:5)
    at async POST (C:\Users\bahmo\Desktop\Saas community manager\viralmind\.next\server\chunks\[root-of-the-server]__65535ece._.js:470:32)
    at async AppRouteRouteModule.do (C:\Users\bahmo\Desktop\Saas community manager\viralmind\node_modules\next\dist\compiled\next-server\app-route-turbo.runtime.dev.js:5:38696)
    at async AppRouteRouteModule.handle (C:\Users\bahmo\Desktop\Saas community manager\viralmind\node_modules\next\dist\compiled\next-server\app-route-turbo.runtime.dev.js:5:45978)
    at async responseGenerator (C:\Users\bahmo\Desktop\Saas community manager\viralmind\.next\server\chunks\node_modules_de980165._.js:14994:38)
    at async AppRouteRouteModule.handleResponse (C:\Users\bahmo\Desktop\Saas community manager\viralmind\node_modules\next\dist\compiled\next-server\app-route-turbo.runtime.dev.js:1:195382)
    at async handleResponse (C:\Users\bahmo\Desktop\Saas community manager\viralmind\.next\server\chunks\node_modules_de980165._.js:15056:32)
    at async handler (C:\Users\bahmo\Desktop\Saas community manager\viralmind\.next\server\chunks\node_modules_de980165._.js:15108:13)
    at async DevServer.renderToResponseWithComponentsImpl (C:\Users\bahmo\Desktop\Saas community manager\viralmind\node_modules\next\dist\server\base-server.js:1430:9)
    at async DevServer.renderPageComponent (C:\Users\bahmo\Desktop\Saas community manager\viralmind\node_modules\next\dist\server\base-server.js:1482:24)
    at async DevServer.renderToResponseImpl (C:\Users\bahmo\Desktop\Saas community manager\viralmind\node_modules\next\dist\server\base-server.js:1522:32)
    at async DevServer.pipeImpl (C:\Users\bahmo\Desktop\Saas community manager\viralmind\node_modules\next\dist\server\base-server.js:1026:25)
    at async NextNodeServer.handleCatchallRenderRequest (C:\Users\bahmo\Desktop\Saas community manager\viralmind\node_modules\next\dist\server\next-server.js:394:17)
    at async DevServer.handleRequestImpl (C:\Users\bahmo\Desktop\Saas community manager\viralmind\node_modules\next\dist\server\base-server.js:917:17)
    at async C:\Users\bahmo\Desktop\Saas community manager\viralmind\node_modules\next\dist\server\dev\next-dev-server.js:400:20
    at async Span.traceAsyncFn (C:\Users\bahmo\Desktop\Saas community manager\viralmind\node_modules\next\dist\trace\trace.js:157:20)
    at async DevServer.handleRequest (C:\Users\bahmo\Desktop\Saas community manager\viralmind\node_modules\next\dist\server\dev\next-dev-server.js:396:24)
    at async invokeRender (C:\Users\bahmo\Desktop\Saas community manager\viralmind\node_modules\next\dist\server\lib\router-server.js:240:21)
    at async handleRequest (C:\Users\bahmo\Desktop\Saas community manager\viralmind\node_modules\next\dist\server\lib\router-server.js:437:24)
    at async requestHandlerImpl (C:\Users\bahmo\Desktop\Saas community manager\viralmind\node_modules\next\dist\server\lib\router-server.js:485:13)
    at async Server.requestListener (C:\Users\bahmo\Desktop\Saas community manager\viralmind\node_modules\next\dist\server\lib\start-server.js:226:13)
